C51 COMPILER V9.00   LCD                                                                   05/28/2015 16:14:40 PAGE 1   


C51 COMPILER V9.00, COMPILATION OF MODULE LCD
OBJECT MODULE PLACED IN ..\output\LCD.obj
COMPILER INVOKED BY: E:\Sortware\Keil\C51\BIN\C51.EXE ..\Src\LCD.c BROWSE INCDIR(..\App;..\Inc;..\Src;..\Core) DEBUG OBJ
                    -ECTEXTEND PRINT(.\LCD.lst) OBJECT(..\output\LCD.obj)

line level    source

   1          #include "LCD.h"
   2          #include "Mytypedef.h"
   3          pdata unsigned char addr[30] _at_ 0x00;           //LCDdisplay ram
   4          unsigned char Code_Num[11]={0x5f,0x50,0x3d,0x79,0x72,0x6b,0x6f,0x51,0x7f,0x7b,0x00};//0,1,2,3,4,5,6,7,8,9,
             -_
   5          void init_LCD(void)
   6          {
   7   1              LCDCON          =       0xCf;  // 允许LCD驱动器; 允许LCD PUMP ; 1/4占空比，1/3偏置，P4.5作为Segment或者I/O ; 选择内建电
             -压稳定器型LCD驱动方式;VLCD=1.000 VDD
   8   1              LCDCON1         =       0x06;  //  1/4 LCD com周期;     LCD偏置电阻总和为990k; 快速充电模式，偏置电阻总和自动在60k和450k/9
             -90k之间切换 
   9   1              P3SS            |=      0xE0;  // P3.7-P3.5作为Segment（SEG24 – SEG22）
  10   1              P4SS            |=      0xFF;  // P4.7-P4.6作为Common（COM3 – COM4）,P4.5-P4.0作为Segment（SEG30 –SEG25）
  11   1              P5SS            |=      0x03;  // P5.1-P5.0作为Common（COM1 – COM2）   
  12   1      }
  13          
  14          void LCD_Display_Num(unsigned char position,unsigned char Data)
  15          {
  16   1              XPAGE=1;
  17   1              if(position==0||position==1)
  18   1              {
  19   2                      addr[21+2*position]=Code_Num[Data]&0x0f;
  20   2                      addr[22+2*position]=(Code_Num[Data]>>4)&0x0f;
  21   2              }
  22   1              else if(position==2||position==3)
  23   1              {
  24   2                      addr[21+2*position+1]=Code_Num[Data]&0x0f;
  25   2                      addr[22+2*position+1]=(Code_Num[Data]>>4)&0x0f;         
  26   2              }
  27   1              XPAGE=0;
  28   1      }


MODULE INFORMATION:   STATIC OVERLAYABLE
   CODE SIZE        =    105    ----
   CONSTANT SIZE    =   ----    ----
   XDATA SIZE       =   ----    ----
   PDATA SIZE       =   ----    ----
   DATA SIZE        =     11    ----
   IDATA SIZE       =   ----    ----
   BIT SIZE         =   ----    ----
END OF MODULE INFORMATION.


C51 COMPILATION COMPLETE.  0 WARNING(S),  0 ERROR(S)
